symbol	naive.value	hrs2.value	hrs4.value
Gapdh	39.18760550082034	23.69606208634944	12.70845039948516
Il2	39.30907959929534	9.180291624003623	25.88809906197508
Hprt	44.95969398832746	44.88765128737525	42.82201471565351
Actb	47.36290601200503	22.40193329385584	29.685697609943272
